[    0.000000] Initializing cgroup subsys cpuset
[    0.000000] Initializing cgroup subsys cpu
[    0.000000] Initializing cgroup subsys cpuacct
[    0.000000] Linux version 4.4.0-178-generic (buildd@lgw01-amd64-017) (gcc version 5.4.0 20160609 (Ubuntu 5.4.0-6ubuntu1~16.04.12) ) #208-Ubuntu SMP Sun Apr 5 23:45:10 UTC 2020 (Ubuntu 4.4.0-178.208-generic 4.4.217)
[    0.000000] Command line: BOOT_IMAGE=/boot/vmlinuz-4.4.0-178-generic root=LABEL=cloudimg-rootfs ro console=tty1 console=ttyS0
[    0.000000] KERNEL supported cpus:
[    0.000000]   Intel GenuineIntel
[    0.000000]   AMD AuthenticAMD
[    0.000000]   Centaur CentaurHauls
[    0.000000] x86u: xstate_offset[2]:  576, xstate_sizes[2]:  256
[    0.000000] x86/fpu: Supporting XSAVE feature 0x01: 'x87 floating point registers'
[    0.000000] x86/fpu: Supporting XSAVE feature 0x02: 'SSE registers'
[    0.000000] x86/fpu: Supporting XSAVE feature 0x04: 'AVX registers'
[    0.000000] x86/fpu: Enabled xstate features 0x7, context size is 832 bytes, using 'standard' format.
[    0.000000] e820: BIOS-provided physical RAM map:
[    0.000000] BIOS-e820: [mem 0x0000000000000000-0x000000000009fbff] usable
[    0.000000] BIOS-e820: [mem 0x000000000009fc00-0x000000000009ffff] reserved
[    0.000000] BIOS-e820: [mem 0x00000000000f0000-0x00000000000fffff] reserved
[    0.000000] BIOS-e820: [mem 0x0000000000100000-0x000000003ffeffff] usable
[    0.000000] BIOS-e820: [mem 0x000000003fff0000-0x000000003fffffff] ACPI data
[    0.000000] BIOS-e820: [mem 0x00000000fec00000-0x00000000fec00fff] reserved
[    0.000000] BIOS-e820: [mem 0x00000000fee00000-0x00000000fee00fff] reserved
[    0.000000] BIOS-e820: [mem 0x00000000fffc0000-0x00000000ffffffff] reserved
[    0.000000] NX (Execute Disable) protection: active
[    0.000000] SMBIOS 2.5 present.
[    0.000000] Hypervisor detected: KVM
[    0.000000] e820: last_pfn = 0x3fff0 max_arch_pfn = 0x400000000
[    0.000000] MTRR: Disabled
[    0.000000] x86/PAT: MTRRs disabled, skipping PAT initialization too.
[    0.000000] CPU MTRRs all blank - virtualized system.
[    0.000000] x86/PAT: Configuration [0-7]: WB  WT  UC- UC  WB  WT  UC- UC  
[    0.000000] found SMP MP-table at [mem 0x0009fff0-0x0009ffff] mapped at [ffff88000009fff0]
[    0.000000] Scanning 1 areas for low memory corruption
[    0.000000] RAMDISK: [mem 0x362e0000-0x37167fff]
[    0.000000] ACPI: Early table checksum verification disabled
[    0.000000] ACPI: RSDP 0x00000000000E0000 000024 (v02 VBOX  )
[    0.000000] ACPI: XSDT 0x000000003FFF0030 00003C (v01 VBOX   VBOXXSDT 00000001 ASL  00000061)
[    0.000000] ACPI: FACP 0x000000003FFF00F0 0000F4 (v04 VBOX   VBOXFACP 00000001 ASL  00000061)
[    0.000000] ACPI: DSDT 0x000000003FFF0470 002325 (v02 VBOX   VBOXBIOS 00000002 INTL 20100528)
[    0.000000] ACPI: FACS 0x000000003FFF0200 000040
[    0.000000] ACPI: FACS 0x000000003FFF0200 000040
[    0.000000] ACPI: APIC 0x000000003FFF0240 00005C (v02 VBOX   VBOXAPIC 00000001 ASL  00000061)
[    0.000000] ACPI: SSDT 0x000000003FFF02A0 0001CC (v01 VBOX   VBOXCPUT 00000002 INTL 20100528)
[    0.000000] No NUMA configuration found
[    0.000000] Faking a node at [mem 0x0000000000000000-0x000000003ffeffff]
[    0.000000] NODE_DATA(0) allocated [mem 0x3ffeb000-0x3ffeffff]
[    0.000000] kvm-clock: Using msrs 4b564d01 and 4b564d00
[    0.000000] kvm-clock: cpu 0, msr 0:3ffe3001, primary cpu clock
[    0.000000] kvm-clock: using sched offset of 3418506793 cycles
[    0.000000] clocksource: kvm-clock: mask: 0xffffffffffffffff max_cycles: 0x1cd42e4dffb, max_idle_ns: 881590591483 ns
[    0.000000] Zone ranges:
[    0.000000]   DMA      [mem 0x0000000000001000-0x0000000000ffffff]
[    0.000000]   DMA32    [mem 0x0000000001000000-0x000000003ffeffff]
[    0.000000]   Normal   empty
[    0.000000]   Device   empty
[    0.000000] Movable zone start for each node
[    0.000000] Early memory node ranges
[    0.000000]   node   0: [mem 0x0000000000001000-0x000000000009efff]
[    0.000000]   node   0: [mem 0x0000000000100000-0x000000003ffeffff]
[    0.000000] Initmem setup node 0 [mem 0x0000000000001000-0x000000003ffeffff]
[    0.000000] ACPI: PM-Timer IO Port: 0x4008
[    0.000000] IOAPIC[0]: apic_id 2, version 32, address 0xfec00000, GSI 0-23
[    0.000000] ACPI: INT_SRC_OVR (bus 0 bus_irq 0 global_irq 2 dfl dfl)
[    0.000000] ACPI: INT_SRC_OVR (bus 0 bus_irq 9 global_irq 9 low level)
[    0.000000] Using ACPI (MADT) for SMP configuration information
[    0.000000] smpboot: Allowing 2 CPUs, 0 hotplug CPUs
[    0.000000] PM: Registered nosave memory: [mem 0x00000000-0x00000fff]
[    0.000000] PM: Registered nosave memory: [mem 0x0009f000-0x0009ffff]
[    0.000000] PM: Registered nosave memory: [mem 0x000a0000-0x000effff]
[    0.000000] PM: Registered nosave memory: [mem 0x000f0000-0x000fffff]
[    0.000000] e820: [mem 0x40000000-0xfebfffff] available for PCI devices
[    0.000000] Booting paravirtualized kernel on KVM
[    0.000000] clocksource: refined-jiffies: mask: 0xffffffff max_cycles: 0xffffffff, max_idle_ns: 7645519600211568 ns
[    0.000000] setup_percpu: NR_CPUS:512 nr_cpumask_bits:512 nr_cpu_ids:2 nr_node_ids:1
[    0.000000] PERCPU: Embedded 33 pages/cpu @ffff88003fc00000 s95448 r8192 d31528 u1048576
[    0.000000] Built 1 zonelists in Node order, mobility grouping on.  Total pages: 257912
[    0.000000] Policy zone: DMA32
[    0.000000] Kernel command line: BOOT_IMAGE=/boot/vmlinuz-4.4.0-178-generic root=LABEL=cloudimg-rootfs ro console=tty1 console=ttyS0
[    0.000000] PID hash table entries: 4096 (order: 3, 32768 bytes)
[    0.000000] Memory: 997672K/1048120K available (8626K kernel code, 1336K rwdata, 4036K rodata, 1488K init, 1292K bss, 50448K reserved, 0K cma-reserved)
[    0.000000] SLUB: HWalign=64, Order=0-3, MinObjects=0, CPUs=2, Nodes=1
[    0.000000] Kernel/User page tables isolation: enabled
[    0.000000] Hierarchical RCU implementation.
[    0.000000] 	Build-time adjustment of leaf fanout to 64.
[    0.000000] 	RCU restricting CPUs from NR_CPUS=512 to nr_cpu_ids=2.
[    0.000000] RCU: Adjusting geometry for rcu_fanout_leaf=64, nr_cpu_ids=2
[    0.000000] NR_IRQS:33024 nr_irqs:440 16
[    0.000000] Console: colour VGA+ 80x25
[    0.000000] console [tty1] enabled
[    0.000000] console [ttyS0] enabled
[    0.000000] tsc: Detected 2592.000 MHz processor
[    0.223485] Calibrating delay loop (skipped) preset value.. 5184.00 BogoMIPS (lpj=10368000)
[    0.225500] pid_max: default: 32768 minimum: 301
[    0.226572] ACPI: Core revision 20150930
[    0.229157] ACPI: 2 ACPI AML tables successfully acquired and loaded
[    0.230655] Security Framework initialized
[    0.231628] Yama: becoming mindful.
[    0.232490] AppArmor: AppArmor initialized
[    0.233558] Dentry cache hash table entries: 131072 (order: 8, 1048576 bytes)
[    0.239525] Inode-cache hash table entries: 65536 (order: 7, 524288 bytes)
[    0.241055] Mount-cache hash table entries: 2048 (order: 2, 16384 bytes)
[    0.242558] Mountpoint-cache hash table entries: 2048 (order: 2, 16384 bytes)
[    0.244197] Initializing cgroup subsys io
[    0.245143] Initializing cgroup subsys memory
[    0.246177] Initializing cgroup subsys devices
[    0.247205] Initializing cgroup subsys freezer
[    0.248217] Initializing cgroup subsys net_cls
[    0.249323] Initializing cgroup subsys perf_event
[    0.250364] Initializing cgroup subsys net_prio
[    0.251472] Initializing cgroup subsys hugetlb
[    0.252483] Initializing cgroup subsys pids
[    0.254464] mce: CPU supports 0 MCE banks
[    0.255629] Last level iTLB entries: 4KB 64, 2MB 8, 4MB 8
[    0.257051] Last level dTLB entries: 4KB 64, 2MB 0, 4MB 0, 1GB 4
[    0.258409] Spectre V1 : Mitigation: usercopy/swapgs barriers and __user pointer sanitization
[    0.260395] Spectre V2 : Mitigation: Full generic retpoline
[    0.261652] Spectre V2 : Spectre v2 / SpectreRSB mitigation: Filling RSB on context switch
[    0.263656] Speculative Store Bypass: Vulnerable
[    0.264811] MDS: Mitigation: Clear CPU buffers
[    0.268460] Freeing SMP alternatives memory: 36K
[    0.275275] ftrace: allocating 32308 entries in 127 pages
[    0.337027] smpboot: APIC(0) Converting physical 0 to logical package 0
[    0.338345] smpboot: Max logical packages: 1
[    0.339594] x2apic enabled
[    0.340655] Switched APIC routing to physical x2apic.
[    0.343064] ..TIMER: vector=0x30 apic1=0 pin1=2 apic2=-1 pin2=-1
[    0.452450] smpboot: CPU0: Intel(R) Core(TM) i7-9750H CPU @ 2.60GHz (family: 0x6, model: 0x9e, stepping: 0xa)
[    0.454914] Performance Events: unsupported p6 CPU model 158 no PMU driver, software events only.
[    0.464966] KVM setup paravirtual spinlock
[    0.466486] x86: Booting SMP configuration:
[    0.467426] .... node  #0, CPUs:      #1
[    0.468420] kvm-clock: cpu 1, msr 0:3ffe3041, secondary cpu clock
[    0.470356] mce: CPU supports 0 MCE banks
[    0.472924] x86: Booted up 1 node, 2 CPUs
[    0.474228] smpboot: Total of 2 processors activated (10368.00 BogoMIPS)
[    0.476060] devtmpfs: initialized
[    0.478416] evm: security.selinux
[    0.479249] evm: security.SMACK64
[    0.481242] evm: security.SMACK64EXEC
[    0.482623] evm: security.SMACK64TRANSMUTE
[    0.483677] evm: security.SMACK64MMAP
[    0.484713] evm: security.ima
[    0.485812] evm: security.capability
[    0.486935] clocksource: jiffies: mask: 0xffffffff max_cycles: 0xffffffff, max_idle_ns: 7645041785100000 ns
[    0.489091] futex hash table entries: 512 (order: 3, 32768 bytes)
[    0.490503] pinctrl core: initialized pinctrl subsystem
[    0.491842] RTC time: 10:31:19, date: 05/06/20
[    0.493009] NET: Registered protocol family 16
[    0.508839] cpuidle: using governor ladder
[    0.520925] cpuidle: using governor menu
[    0.524603] PCCT header not found.
[    0.529988] ACPI: bus type PCI registered
[    0.531163] acpiphp: ACPI Hot Plug PCI Controller Driver version: 0.5
[    0.535985] PCI: Using configuration type 1 for base access
[    0.549182] ACPI: Added _OSI(Module Device)
[    0.550195] ACPI: Added _OSI(Processor Device)
[    0.551177] ACPI: Added _OSI(3.0 _SCP Extensions)
[    0.552509] ACPI: Added _OSI(Processor Aggregator Device)
[    0.554257] ACPI: Executed 1 blocks of module-level executable AML code
[    0.557781] ACPI: Interpreter enabled
[    0.558683] ACPI: (supports S0 S5)
[    0.559633] ACPI: Using IOAPIC for interrupt routing
[    0.560899] PCI: Using host bridge windows from ACPI; if necessary, use "pci=nocrs" and report a bug
[    0.571314] ACPI: PCI Root Bridge [PCI0] (domain 0000 [bus 00-ff])
[    0.572637] acpi PNP0A03:00: _OSC: OS supports [ASPM ClockPM Segments MSI]
[    0.574271] acpi PNP0A03:00: _OSC: not requesting OS control; OS requires [ExtendedConfig ASPM ClockPM MSI]
[    0.576460] acpi PNP0A03:00: fail to add MMCONFIG information, can't access extended PCI configuration space under this bridge.
[    0.579355] PCI host bridge to bus 0000:00
[    0.580430] pci_bus 0000:00: root bus resource [io  0x0000-0x0cf7 window]
[    0.581813] pci_bus 0000:00: root bus resource [io  0x0d00-0xffff window]
[    0.583276] pci_bus 0000:00: root bus resource [mem 0x000a0000-0x000bffff window]
[    0.585088] pci_bus 0000:00: root bus resource [mem 0x40000000-0xfdffffff window]
[    0.586884] pci_bus 0000:00: root bus resource [bus 00-ff]
[    0.589841] pci 0000:00:01.1: legacy IDE quirk: reg 0x10: [io  0x01f0-0x01f7]
[    0.591319] pci 0000:00:01.1: legacy IDE quirk: reg 0x14: [io  0x03f6]
[    0.592809] pci 0000:00:01.1: legacy IDE quirk: reg 0x18: [io  0x0170-0x0177]
[    0.594353] pci 0000:00:01.1: legacy IDE quirk: reg 0x1c: [io  0x0376]
[    0.617130] pci 0000:00:07.0: quirk: [io  0x4000-0x403f] claimed by PIIX4 ACPI
[    0.618750] pci 0000:00:07.0: quirk: [io  0x4100-0x410f] claimed by PIIX4 SMB
[    0.626735] ACPI: PCI Interrupt Link [LNKA] (IRQs 5 9 10 *11)
[    0.628570] ACPI: PCI Interrupt Link [LNKB] (IRQs 5 9 *10 11)
[    0.630306] ACPI: PCI Interrupt Link [LNKC] (IRQs 5 *9 10 11)
[    0.632065] ACPI: PCI Interrupt Link [LNKD] (IRQs 5 9 10 *11)
[    0.634921] ACPI: Enabled 2 GPEs in block 00 to 07
[    0.636638] vgaarb: setting as boot device: PCI:0000:00:02.0
[    0.637802] vgaarb: device added: PCI:0000:00:02.0,decodes=io+mem,owns=io+mem,locks=none
[    0.639516] vgaarb: loaded
[    0.640360] vgaarb: bridge control possible 0000:00:02.0
[    0.641591] SCSI subsystem initialized
[    0.642601] ACPI: bus type USB registered
[    0.645407] usbcore: registered new interface driver usbfs
[    0.649670] usbcore: registered new interface driver hub
[    0.650914] usbcore: registered new device driver usb
[    0.652404] PCI: Using ACPI for IRQ routing
[    0.660226] NetLabel: Initializing
[    0.661091] NetLabel:  domain hash size = 128
[    0.665835] NetLabel:  protocols = UNLABELED CIPSOv4
[    0.666890] NetLabel:  unlabeled traffic allowed by default
[    0.668280] amd_nb: Cannot enumerate AMD northbridges
[    0.669516] clocksource: Switched to clocksource kvm-clock
[    0.684400] AppArmor: AppArmor Filesystem Enabled
[    0.685560] pnp: PnP ACPI init
[    0.687216] pnp: PnP ACPI: found 3 devices
[    0.698068] clocksource: acpi_pm: mask: 0xffffff max_cycles: 0xffffff, max_idle_ns: 2085701024 ns
[    0.700029] NET: Registered protocol family 2
[    0.701119] TCP established hash table entries: 8192 (order: 4, 65536 bytes)
[    0.702662] TCP bind hash table entries: 8192 (order: 5, 131072 bytes)
[    0.704292] TCP: Hash tables configured (established 8192 bind 8192)
[    0.709708] UDP hash table entries: 512 (order: 2, 16384 bytes)
[    0.710925] UDP-Lite hash table entries: 512 (order: 2, 16384 bytes)
[    0.712197] NET: Registered protocol family 1
[    0.713136] pci 0000:00:00.0: Limiting direct PCI/PCI transfers
[    0.714502] pci 0000:00:01.0: Activating ISA DMA hang workarounds
[    0.716012] Unpacking initramfs...
[    0.967193] Freeing initrd memory: 14880K
[    0.968178] clocksource: tsc: mask: 0xffffffffffffffff max_cycles: 0x255cb6cc5db, max_idle_ns: 440795203504 ns
[    0.970524] platform rtc_cmos: registered platform RTC device (no PNP device found)
[    0.972255] Scanning for low memory corruption every 60 seconds
[    0.974132] audit: initializing netlink subsys (disabled)
[    0.975290] audit: type=2000 audit(1588761085.439:1): initialized
[    0.977135] Initialise system trusted keyring
[    0.980377] HugeTLB registered 2 MB page size, pre-allocated 0 pages
[    0.986703] zbud: loaded
[    0.991991] VFS: Disk quotas dquot_6.6.0
[    0.992918] VFS: Dquot-cache hash table entries: 512 (order 0, 4096 bytes)
[    0.994599] squashfs: version 4.0 (2009/01/31) Phillip Lougher
[    1.000282] fuse init (API version 7.23)
[    1.001520] Key type big_key registered
[    1.002516] Allocating IMA MOK and blacklist keyrings.
[    1.005978] Key type asymmetric registered
[    1.006823] Asymmetric key parser 'x509' registered
[    1.008876] Block layer SCSI generic (bsg) driver version 0.4 loaded (major 249)
[    1.010666] io scheduler noop registered
[    1.011508] io scheduler deadline registered (default)
[    1.012534] io scheduler cfq registered
[    1.013415] pci_hotplug: PCI Hot Plug PCI Core version: 0.5
[    1.014568] pciehp: PCI Express Hot Plug Controller Driver version: 0.4
[    1.016037] ACPI: AC Adapter [AC] (on-line)
[    1.016977] input: Power Button as /devices/LNXSYSTM:00/LNXPWRBN:00/input/input0
[    1.018622] ACPI: Power Button [PWRF]
[    1.019576] input: Sleep Button as /devices/LNXSYSTM:00/LNXSLPBN:00/input/input1
[    1.021181] ACPI: Sleep Button [SLPF]
[    1.025278] GHES: HEST is not enabled!
[    1.025868] ACPI: Battery Slot [BAT0] (battery present)
[    1.027932] Serial: 8250/16550 driver, 32 ports, IRQ sharing enabled
[    1.052059] 00:02: ttyS0 at I/O 0x3f8 (irq = 4, base_baud = 115200) is a 16550A
[    1.056773] Linux agpgart interface v0.103
[    1.061410] loop: module loaded
[    1.062665] scsi host0: ata_piix
[    1.063510] scsi host1: ata_piix
[    1.065121] ata1: PATA max UDMA/33 cmd 0x1f0 ctl 0x3f6 bmdma 0xd000 irq 14
[    1.066487] ata2: PATA max UDMA/33 cmd 0x170 ctl 0x376 bmdma 0xd008 irq 15
[    1.069358] libphy: Fixed MDIO Bus: probed
[    1.070404] tun: Universal TUN/TAP device driver, 1.6
[    1.071473] tun: (C) 1999-2004 Max Krasnyansky <maxk@qualcomm.com>
[    1.072751] PPP generic driver version 2.4.2
[    1.073824] ehci_hcd: USB 2.0 'Enhanced' Host Controller (EHCI) Driver
[    1.075124] ehci-pci: EHCI PCI platform driver
[    1.076128] ehci-platform: EHCI generic platform driver
[    1.077153] ohci_hcd: USB 1.1 'Open' Host Controller (OHCI) Driver
[    1.078381] ohci-pci: OHCI PCI platform driver
[    1.079405] ohci-platform: OHCI generic platform driver
[    1.080491] uhci_hcd: USB Universal Host Controller Interface driver
[    1.081715] i8042: PNP: PS/2 Controller [PNP0303:PS2K,PNP0f03:PS2M] at 0x60,0x64 irq 1,12
[    1.085239] serio: i8042 KBD port at 0x60,0x64 irq 1
[    1.086407] serio: i8042 AUX port at 0x60,0x64 irq 12
[    1.087570] mousedev: PS/2 mouse device common for all mice
[    1.088968] input: AT Translated Set 2 keyboard as /devices/platform/i8042/serio0/input/input2
[    1.091212] rtc_cmos rtc_cmos: rtc core: registered rtc_cmos as rtc0
[    1.092449] rtc_cmos rtc_cmos: alarms up to one day, 114 bytes nvram
[    1.093663] i2c /dev entries driver
[    1.094548] device-mapper: uevent: version 1.0.3
[    1.095597] device-mapper: ioctl: 4.34.0-ioctl (2015-10-28) initialised: dm-devel@redhat.com
[    1.097327] ledtrig-cpu: registered to indicate activity on CPUs
[    1.098883] NET: Registered protocol family 10
[    1.099965] NET: Registered protocol family 17
[    1.102627] Key type dns_resolver registered
[    1.103951] registered taskstats version 1
[    1.105386] Loading compiled-in X.509 certificates
[    1.106838] Loaded X.509 cert 'Build time autogenerated kernel key: f33c437cc9123d9712070bdfe932b55b24c56047'
[    1.110858] zswap: loaded using pool lzo/zbud
[    1.113020] Key type trusted registered
[    1.116169] Key type encrypted registered
[    1.117022] AppArmor: AppArmor sha1 policy hashing enabled
[    1.118142] ima: No TPM chip found, activating TPM-bypass!
[    1.119678] ima: Allocated hash algorithm: sha1
[    1.120589] evm: HMAC attrs: 0x1
[    1.121652]   Magic number: 4:979:526
[    1.122500] rtc_cmos rtc_cmos: setting system clock to 2020-05-06 10:31:20 UTC (1588761080)
[    1.124577] BIOS EDD facility v0.16 2004-Jun-25, 0 devices found
[    1.126039] EDD information not available.
[    1.245366] Freeing unused kernel memory: 1488K
[    1.246459] Write protecting the kernel read-only data: 14336k
[    1.248047] Freeing unused kernel memory: 1604K
[    1.250281] Freeing unused kernel memory: 60K
Loading, please wait...
starting version 229
[    1.262614] random: systemd-udevd: uninitialized urandom read (16 bytes read, 3 bits of entropy available)
[    1.262934] random: udevadm: uninitialized urandom read (16 bytes read, 3 bits of entropy available)
[    1.262949] random: udevadm: uninitialized urandom read (16 bytes read, 3 bits of entropy available)
[    1.268950] random: systemd-udevd: uninitialized urandom read (16 bytes read, 3 bits of entropy available)
[    1.269486] random: udevadm: uninitialized urandom read (16 bytes read, 3 bits of entropy available)
[    1.269539] random: udevadm: uninitialized urandom read (16 bytes read, 3 bits of entropy available)
[    1.269689] random: udevadm: uninitialized urandom read (16 bytes read, 3 bits of entropy available)
[    1.269727] random: udevadm: uninitialized urandom read (16 bytes read, 3 bits of entropy available)
[    1.269766] random: udevadm: uninitialized urandom read (16 bytes read, 3 bits of entropy available)
[    1.269804] random: udevadm: uninitialized urandom read (16 bytes read, 3 bits of entropy available)
[    1.303795] e1000: Intel(R) PRO/1000 Network Driver - version 7.3.21-k8-NAPI
[    1.305406] e1000: Copyright (c) 1999-2006 Intel Corporation.
[    1.308373] Fusion MPT base driver 3.04.20
[    1.309343] Copyright (c) 1999-2008 LSI Corporation
[    1.312998] Fusion MPT SPI Host driver 3.04.20
[    1.322107] AVX2 version of gcm_enc/dec engaged.
[    1.323086] AES CTR mode by8 optimization enabled
[    1.506920] input: ImExPS/2 Generic Explorer Mouse as /devices/platform/i8042/serio1/input/input4
[    1.685665] e1000 0000:00:03.0 eth0: (PCI:33MHz:32-bit) 02:89:d0:e0:cd:77
[    1.687409] e1000 0000:00:03.0 eth0: Intel(R) PRO/1000 Network Connection
[    1.689786] mptbase: ioc0: Initiating bringup
[    1.754348] ioc0: LSI53C1030 A0: Capabilities={Initiator}
[    1.916835] scsi host2: ioc0: LSI53C1030 A0, FwRev=00000000h, Ports=1, MaxQ=256, IRQ=20
[    2.030937] scsi 2:0:0:0: Direct-Access     VBOX     HARDDISK         1.0  PQ: 0 ANSI: 5
[    2.032824] scsi target2:0:0: Beginning Domain Validation
[    2.036150] scsi target2:0:0: Domain Validation skipping write tests
[    2.037527] scsi target2:0:0: Ending Domain Validation
[    2.038682] scsi target2:0:0: asynchronous
[    2.046347] scsi 2:0:1:0: Direct-Access     VBOX     HARDDISK         1.0  PQ: 0 ANSI: 5
[    2.048145] scsi target2:0:1: Beginning Domain Validation
[    2.051492] scsi target2:0:1: Domain Validation skipping write tests
[    2.052817] scsi target2:0:1: Ending Domain Validation
[    2.054065] scsi target2:0:1: asynchronous
[    2.070330] sd 2:0:0:0: Attached scsi generic sg0 type 0
[    2.083719] sd 2:0:0:0: [sda] 20971520 512-byte logical blocks: (10.7 GB/10.0 GiB)
[    2.085728] sd 2:0:0:0: [sda] Write Protect is off
[    2.087043] sd 2:0:0:0: [sda] Incomplete mode parameter data
[    2.088252] sd 2:0:0:0: [sda] Assuming drive cache: write through
[    2.089818] sd 2:0:1:0: Attached scsi generic sg1 type 0
[    2.091008] sd 2:0:1:0: [sdb] 20480 512-byte logical blocks: (10.5 MB/10.0 MiB)
[    2.093214] sd 2:0:1:0: [sdb] Write Protect is off
[    2.094642] sd 2:0:1:0: [sdb] Incomplete mode parameter data
[    2.095953] sd 2:0:1:0: [sdb] Assuming drive cache: write through
[    2.100246]  sda: sda1
[    2.101997] sd 2:0:0:0: [sda] Attached SCSI disk
[    2.103852] sd 2:0:1:0: [sdb] Attached SCSI disk
[    2.602768] e1000 0000:00:08.0 eth1: (PCI:33MHz:32-bit) 08:00:27:b1:f3:13
[    2.605061] e1000 0000:00:08.0 eth1: Intel(R) PRO/1000 Network Connection
[    2.608868] e1000 0000:00:03.0 enp0s3: renamed from eth0
[    2.622324] e1000 0000:00:08.0 enp0s8: renamed from eth1
Begin: Loading essential drivers ... [    4.049930] md: linear personality registered for level -1
[    4.052876] md: multipath personality registered for level -4
[    4.055875] md: raid0 personality registered for level 0
[    4.059412] md: raid1 personality registered for level 1
[    4.130276] raid6: sse2x1   gen() 13243 MB/s
[    4.197674] raid6: sse2x1   xor()  9720 MB/s
[    4.266014] raid6: sse2x2   gen() 16344 MB/s
[    4.334263] raid6: sse2x2   xor() 11776 MB/s
[    4.401639] raid6: sse2x4   gen() 19623 MB/s
[    4.469960] raid6: sse2x4   xor() 12976 MB/s
[    4.538243] raid6: avx2x1   gen() 27550 MB/s
[    4.606592] raid6: avx2x2   gen() 32778 MB/s
[    4.673943] raid6: avx2x4   gen() 34791 MB/s
[    4.675004] raid6: using algorithm avx2x4 gen() 34791 MB/s
[    4.676386] raid6: using avx2x2 recovery algorithm
[    4.678308] xor: automatically using best checksumming function:
[    4.717876]    avx       : 34751.000 MB/sec
[    4.719849] async_tx: api initialized (async)
[    4.729672] md: raid6 personality registered for level 6
[    4.730971] md: raid5 personality registered for level 5
[    4.732188] md: raid4 personality registered for level 4
[    4.738746] md: raid10 personality registered for level 10
done.
Begin: Running /scripts/init-premount ... done.
Begin: Mounting root file system ... Begin: Running /scripts/local-top ... done.
Begin: Running /scripts/local-premount ... [    4.765355] Btrfs loaded
Scanning for Btrfs filesystems
done.
Warning: fsck not present, so skipping root file system
[    4.796106] EXT4-fs (sda1): mounted filesystem with ordered data mode. Opts: (null)
done.
Begin: Running /scripts/local-bottom ... done.
Begin: Running /scripts/init-bottom ... done.
[    4.893155] systemd[1]: systemd 229 running in system mode. (+PAM +AUDIT +SELINUX +IMA +APPARMOR +SMACK +SYSVINIT +UTMP +LIBCRYPTSETUP +GCRYPT +GNUTLS +ACL +XZ -LZ4 +SECCOMP +BLKID +ELFUTILS +KMOD -IDN)
[    4.897381] systemd[1]: Detected virtualization oracle.
[    4.898602] systemd[1]: Detected architecture x86-64.

Welcome to [1mUbuntu 16.04.6 LTS[0m!

[    4.902952] systemd[1]: Set hostname to <ubuntu>.
[    4.906669] systemd[1]: Initializing machine ID from random generator.
[    4.908167] systemd[1]: Installed transient /etc/machine-id file.
[    5.025960] systemd[1]: Set up automount Arbitrary Executable File Formats File System Automount Point.
[[0;32m  OK  [0m] Set up automount Arbitrary Executab...ats File System Automount Point.
[    5.033762] systemd[1]: Reached target Encrypted Volumes.
[[0;32m  OK  [0m] Reached target Encrypted Volumes.
[    5.053715] systemd[1]: Listening on Journal Socket (/dev/log).
[[0;32m  OK  [0m] Listening on Journal Socket (/dev/log).
[    5.062515] systemd[1]: Listening on /dev/initctl Compatibility Named Pipe.
[[0;32m  OK  [0m] Listening on /dev/initctl Compatibility Named Pipe.
[    5.069891] systemd[1]: Listening on LVM2 poll daemon socket.
[[0;32m  OK  [0m] Listening on LVM2 poll daemon socket.
[    5.086513] systemd[1]: Listening on LVM2 metadata daemon socket.
[[0;32m  OK  [0m] Listening on LVM2 metadata daemon socket.
[    5.094487] systemd[1]: Listening on Journal Socket.
[[0;32m  OK  [0m] Listening on Journal Socket.
[    5.096618] systemd[1]: Created slice User and Session Slice.
[[0;32m  OK  [0m] Created slice User and Session Slice.
[    5.106610] systemd[1]: Reached target User and Group Name Lookups.
[[0;32m  OK  [0m] Reached target User and Group Name Lookups.
[    5.109925] systemd[1]: Listening on Device-mapper event daemon FIFOs.
[[0;32m  OK  [0m] Listening on Device-mapper event daemon FIFOs.
[    5.122219] systemd[1]: Reached target System Time Synchronized.
[[0;32m  OK  [0m] Reached target System Time Synchronized.
[    5.130084] systemd[1]: Started Trigger resolvconf update for networkd DNS.
[[0;32m  OK  [0m] Started Trigger resolvconf update for networkd DNS.
[    5.134161] systemd[1]: Started Forward Password Requests to Wall Directory Watch.
[[0;32m  OK  [0m] Started Forward Password Requests to Wall Directory Watch.
[    5.137496] systemd[1]: Listening on udev Kernel Socket.
[[0;32m  OK  [0m] Listening on udev Kernel Socket.
[    5.139637] systemd[1]: Listening on udev Control Socket.
[[0;32m  OK  [0m] Listening on udev Control Socket.
[    5.150339] systemd[1]: Listening on Journal Audit Socket.
[[0;32m  OK  [0m] Listening on Journal Audit Socket.
[    5.158548] systemd[1]: Created slice System Slice.
[[0;32m  OK  [0m] Created slice System Slice.
[    5.181853] systemd[1]: Starting Uncomplicated firewall...
         Starting Uncomplicated firewall...
[    5.191243] systemd[1]: Starting Remount Root and Kernel File Systems...
         Starting Remount Root and Kernel File Systems...
[    5.196141] EXT4-fs (sda1): re-mounted. Opts: (null)
[    5.202621] systemd[1]: Mounting POSIX Message Queue File System...
         Mounting POSIX Message Queue File System...
[    5.210784] systemd[1]: Starting Set console keymap...
         Starting Set console keymap...
[    5.223303] systemd[1]: Starting Nameserver information manager...
         Starting Nameserver information manager...
[    5.230256] systemd[1]: Starting Create list of required static device nodes for the current kernel...
         Starting Create list of required st... nodes for the current kernel...
[    5.238153] systemd[1]: Reached target Slices.
[[0;32m  OK  [0m] Reached target Slices.
[    5.247698] systemd[1]: Starting Load Kernel Modules...
         Starting Load Kernel Modules...
[    5.249724] systemd[1]: Created slice system-serial\x2dgetty.slice.
[[0;32m  OK  [0m] Created slice system-serial\x2dgetty.slice.
[    5.253028] systemd[1]: Mounting Huge Pages File System...
         Mounting Huge Pages File System...
[    5.256254] systemd[1]: Starting Monitoring of LVM2 mirrors, snapshots etc. using dmeventd or progress polling...
         Starting Monitoring of LVM2 mirrors... dmeventd or progress polling...
[    5.260265] systemd[1]: Listening on Syslog Socket.
[[0;32m  OK  [0m] Listening on Syslog Socket.
[    5.263446] systemd[1]: Starting Journal Service...
         Starting Journal Service...
[    5.266401] systemd[1]: Reached target Swap.
[[0;32m  OK  [0m] Reached target Swap.
[    5.272528] Loading iSCSI transport class v2.0-870.
[    5.274207] systemd[1]: Mounting Debug File System...
         Mounting Debug File System...
[    5.287508] systemd[1]: Mounted Debug File System.
[[0;32m  OK  [0m] Mounted Debug File System.
[    5.289125] iscsi: registered transport (tcp)
[    5.290040] systemd[1]: Mounted POSIX Message Queue File System.
[[0;32m  OK  [0m] Mounted POSIX Message Queue File System.
[    5.301963] systemd[1]: Mounted Huge Pages File System.
[[0;32m  OK  [0m] Mounted Huge Pages File System.
[    5.309914] systemd[1]: Started Journal Service.
[[0;32m  OK  [0m] Started Journal Service.
[[0;32m  OK  [0m] Started Uncomplicated firewall.
[[0;32m  OK  [0m] Started Remount Root and Kernel File Systems.
[[0;32m  OK  [0m] Started Set console keymap.
[[0;32m  OK  [0m] Started Create list of required sta...ce nodes for the current kernel.
[[0;32m  OK  [0m] Started Nameserver information manager.
[[0;32m  OK  [0m] Started LVM2 metadata daemon.
[    5.340024] iscsi: registered transport (iser)
         Starting Create Static Device Nodes in /dev...
         Starting Load/Save Random Seed...
         Starting udev Coldplug all Devices...
         Starting Flush Journal to Persistent Storage...
[[0;32m  OK  [0m] Started Load Kernel Modules.
[[0;32m  OK  [0m] Started Load/Save Random Seed.
         Mounting FUSE Control File System...
         Starting Apply Kernel Variables...
[    5.367195] systemd-journald[391]: Received request to flush runtime journal from PID 1
[[0;32m  OK  [0m] Mounted FUSE Control File System.
[[0;32m  OK  [0m] Started Create Static Device Nodes in /dev.
[[0;32m  OK  [0m] Started Flush Journal to Persistent Storage.
[[0;32m  OK  [0m] Started Apply Kernel Variables.
[[0;32m  OK  [0m] Started udev Coldplug all Devices.
         Starting udev Kernel Device Manager...
[[0;32m  OK  [0m] Started udev Kernel Device Manager.
[[0;32m  OK  [0m] Started Dispatch Password Requests to Console Directory Watch.
[[0;32m  OK  [0m] Started Monitoring of LVM2 mirrors,...ng dmeventd or progress polling.
[[0;32m  OK  [0m] Reached target Local File Systems (Pre).
[[0;32m  OK  [0m] Reached target Local File Systems.
         Starting Create Volatile Files and Directories...
         Starting Commit a transient machine-id on disk...
         Starting Tell Plymouth To Write Out Runtime Data...
         Starting LSB: AppArmor initialization...
         Starting Set console font and keymap...
         Starting Initial cloud-init job (pre-networking)...
[[0;32m  OK  [0m] Started Create Volatile Files and Directories.
         Starting Update UTMP about System Boot/Shutdown...
[[0;32m  OK  [0m] Started Tell Plymouth To Write Out Runtime Data.
[[0;32m  OK  [0m] Started Update UTMP about System Boot/Shutdown.
[[0;32m  OK  [0m] Started Commit a transient machine-id on disk.
[[0;32m  OK  [0m] Found device /dev/ttyS0.
[[0;32m  OK  [0m] Listening on Load/Save RF Kill Switch Status /dev/rfkill Watch.
[    6.732981] cloud-init[488]: Cloud-init v. 19.4-33-gbb4131a2-0ubuntu1~16.04.1 running 'init-local' at Wed, 06 May 2020 10:31:25 +0000. Up 6.22 seconds.
[[0;32m  OK  [0m] Started Initial cloud-init job (pre-networking).
[[0;32m  OK  [0m] Reached target Network (Pre).
[[0;32m  OK  [0m] Started Set console font and keymap.
[[0;32m  OK  [0m] Created slice system-getty.slice.
[[0;32m  OK  [0m] Started LSB: AppArmor initialization.
         Starting Raise network interfaces...
[[0;32m  OK  [0m] Started Raise network interfaces.
[[0;32m  OK  [0m] Reached target Network.
         Starting Initial cloud-init job (metadata service crawler)...
[    8.313593] cloud-init[962]: Cloud-init v. 19.4-33-gbb4131a2-0ubuntu1~16.04.1 running 'init' at Wed, 06 May 2020 10:31:27 +0000. Up 7.77 seconds.
[    8.320833] cloud-init[962]: ci-info: ++++++++++++++++++++++++++++++++++++++Net device info+++++++++++++++++++++++++++++++++++++++
[    8.332495] cloud-init[962]: ci-info: +--------+-------+----------------------------+---------------+--------+-------------------+
[    8.333662] cloud-init[962]: ci-info: | Device |   Up  |          Address           |      Mask     | Scope  |     Hw-Address    |
[    8.334654] cloud-init[962]: ci-info: +--------+-------+----------------------------+---------------+--------+-------------------+
[    8.335691] cloud-init[962]: ci-info: | enp0s3 |  True |         10.0.2.15          | 255.255.255.0 | global | 02:89:d0:e0:cd:77 |
[    8.337222] cloud-init[962]: ci-info: | enp0s3 |  True | fe80::89:d0ff:fee0:cd77/64 |       .       |  link  | 02:89:d0:e0:cd:77 |
[    8.338411] cloud-init[962]: ci-info: | enp0s8 | False |             .              |       .       |   .    | 08:00:27:b1:f3:13 |
[    8.339688] cloud-init[962]: ci-info: |   lo   |  True |         127.0.0.1          |   255.0.0.0   |  host  |         .         |
[    8.340995] cloud-init[962]: ci-info: |   lo   |  True |          ::1/128           |       .       |  host  |         .         |
[    8.342183] cloud-init[962]: ci-info: +--------+-------+----------------------------+---------------+--------+-------------------+
[    8.343364] cloud-init[962]: ci-info: +++++++++++++++++++++++++++Route IPv4 info++++++++++++++++++++++++++++
[    8.349013] cloud-init[962]: ci-info: +-------+-------------+----------+---------------+-----------+-------+
[    8.350155] cloud-init[962]: ci-info: | Route | Destination | Gateway  |    Genmask    | Interface | Flags |
[    8.356893] cloud-init[962]: ci-info: +-------+-------------+----------+---------------+-----------+-------+
[[0;32m  OK  [0m] Started Initial cloud-init job (metadata service crawler).
[[0;32m  OK  [0m] Reached target System Initialization.
[[0;32m  OK  [0m] Started Daily Cleanup of Temporary Directories.
[[0;32m  OK  [0m] Listening on D-Bus System Message Bus Socket.
[[0;32m  OK  [0m] Started Daily apt download activities.
[[0;32m  OK  [0m] Started Daily apt upgrade and clean activities.
[[0;32m  OK  [0m] Listening on UUID daemon activation socket.
[    8.374523] cloud-init[962]: ci-info: |   0   |   0.0.0.0   | 10.0.2.2 |    0.0.0.0    |   enp0s3  |   UG  |
[    8.412349] cloud-init[962]: ci-info: |   1   |   10.0.2.0  | 0.0.0.0  | 255.255.255.0 |   enp0s3  |   U   |
[    8.413311] cloud-init[962]: ci-info: +-------+-------------+----------+---------------+-----------+-------+
[    8.414306] cloud-init[962]: ci-info: +++++++++++++++++++Route IPv6 info+++++++++++++++++++
[    8.415183] cloud-init[962]: ci-info: +-------+-------------+---------+-----------+-------+
[    8.416143] cloud-init[962]: ci-info: | Route | Destination | Gateway | Interface | Flags |
[    8.424784] cloud-init[962]: ci-info: +-------+-------------+---------+-----------+-------+
[    8.425929] cloud-init[962]: ci-info: |   0   |  fe80::/64  |    ::   |   enp0s3  |   U   |
[    8.427226] cloud-init[962]: ci-info: |   3   |   ff00::/8  |    ::   |   enp0s3  |   U   |
         Starting LXD - unix socket.
         Starting Socket activation for snappy daemon.
[[0;32m  OK  [0m] Started Message of the Day.
[[0;32m  OK  [0m] Reached target Timers.
[    8.439745] cloud-init[962]: ci-info: +-------+-------------+---------+-----------+-------+
[    8.454489] cloud-init[962]: Generating public/private rsa key pair.
[    8.455463] cloud-init[962]: Your identification has been saved in /etc/ssh/ssh_host_rsa_key.
[    8.456865] cloud-init[962]: Your public key has been saved in /etc/ssh/ssh_host_rsa_key.pub.
[[0;32m  OK  [0m] Started ACPI Events Check.
[[0;32m  OK  [0m] Reached target Paths.
[[0;32m  OK  [0m] Listening on ACPID Listen Socket.
[[0;32m  OK  [0m] Reached target Cloud-config availability.
[[0;32m  OK  [0m] Reached target Network is Online.
[    8.461145] cloud-init[962]: The key fingerprint is:
[    8.488699] cloud-init[962]: SHA256:IZ25JlwbAGbgdEKcW6dayrMIeWrkaJrIV3hs5FBecWw root@ubuntu-xenial
         Starting iSCSI initiator daemon (iscsid)...
[[0;32m  OK  [0m] Listening on LXD - unix socket.
[[0;32m  OK  [0m] Listening on Socket activation for snappy daemon.
[    8.491570] cloud-init[962]: The key's randomart image is:
[    8.498305] cloud-init[962]: +---[RSA 2048]----+
[    8.499432] cloud-init[962]: | o=o=...o.       |
[    8.500240] cloud-init[962]: | oo=...+.E       |
[    8.500465] cloud-init[962]: |  .oooo O        |
[    8.501721] cloud-init[962]: |  ..o+ o =       |
[    8.502543] cloud-init[962]: | o +* o S        |
[    8.503185] cloud-init[962]: |o.*. * o         |
[    8.503635] cloud-init[962]: |=+ o+            |
[[0;32m  OK  [0m] Reached target Sockets.
[[0;32m  OK  [0m] Reached target Basic System.
[    8.503995] cloud-init[962]: |*=..             |
[    8.514327] cloud-init[962]: |B..              |
         Starting LSB: Record successful boot for GRUB...
[    8.534039] cloud-init[962]: +----[SHA256]-----+
[    8.536209] cloud-init[962]: Generating public/private dsa key pair.
         Starting Pollinate to seed the pseudo random number generator...
         Starting LXD - container startup/shutdown...
[[0;32m  OK  [0m] Started D-Bus System Message Bus.
[    8.537705] cloud-init[962]: Your identification has been saved in /etc/ssh/ssh_host_dsa_key.
[    8.544470] cloud-init[962]: Your public key has been saved in /etc/ssh/ssh_host_dsa_key.pub.
[    8.545790] cloud-init[962]: The key fingerprint is:
[    8.546921] cloud-init[962]: SHA256:mQDAygv6RudnR58L8fLBXOv3Fg1qF/Lp22ycIrjLMbo root@ubuntu-xenial
[    8.552632] cloud-init[962]: The key's randomart image is:
[    8.560421] cloud-init[962]: +---[DSA 1024]----+
[    8.561658] cloud-init[962]: | ....            |
[    8.568571] cloud-init[962]: |  .  .           |
[    8.576155] cloud-init[962]: |..    .          |
[    8.584632] cloud-init[962]: |o.     . o  . o  |
[    8.585318] cloud-init[962]: |o .     S   .+ +.|
         Starting Login Service...
[    8.598396] cloud-init[962]: |... .   .= .o.+..|
[[0;32m  OK  [0m] Started ACPI event daemon.
         Starting /etc/rc.local Compatibility...
         Starting System Logging Service...
         Starting LSB: MD monitoring daemon...
[    8.600331] cloud-init[962]: | o o   .o+*o.o .o|
[    8.610065] cloud-init[962]: |  o . o +==+ .o++|
[[0;32m  OK  [0m] Started Regular background program processing daemon.
[    8.610966] cloud-init[962]: | .   o E.+=.o.o=+|
[    8.612941] cloud-init[962]: +----[SHA256]-----+
[    8.614423]          Starting Snappy daemon...
[[0;32m  OK  [0m] Started FUSE filesystem for LXC.
         Starting Virtualbox guest utils...
         Starting Accounts Service...
[[0;32m  OK  [0m] Started Deferred execution scheduler.
cloud-init[962]: Generating public/private ecdsa key pair.
[[0;32m  OK  [0m] Started /etc/rc.local Compatibility.
[    8.619238] cloud-init[962]: Your identification has been saved in /etc/ssh/ssh_host_ecdsa_key.
[    8.629534] cloud-init[962]: Your public key has been saved in /etc/ssh/ssh_host_ecdsa_key.pub.
[    8.631613] cloud-init[962]: The key fingerprint is:
[[0;32m  OK  [0m] Started System Logging Service.
[[0;32m  OK  [0m] Started iSCSI initiator daemon (iscsid).
[[0;32m  OK  [0m] Started Login Service.
[[0;32m  OK  [0m] Started Unattended Upgrades Shutdown.
         Starting Login to default iSCSI targets...
[    8.632308] cloud-init[962]: SHA256:8IsDL0LL6700P71Y5+BG6D7tie8LS2WJ7viTBEkeJYQ root@ubuntu-xenial
[    8.655462] cloud-init[962]: The key's randomart image is:
[    8.664209] cloud-init[962]: +---[ECDSA 256]---+
[    8.664899] cloud-init[962]: |   oo..          |
[[0;32m  OK  [0m] Started LSB: Record successful boot for GRUB.
[    8.687356] cloud-init[962]: |  E o.           |
[    8.703558] cloud-init[962]: |   o o.          |
[    8.713382] cloud-init[962]: |    +  + .       |
[    8.720219] cloud-init[962]: |  . ....S        |
[[0;32m  OK  [0m] Started Login to default iSCSI targets.
[[0;32m  OK  [0m] Started LSB: MD monitoring daemon.
[[0;32m  OK  [0m] Reached target Remote File Systems (Pre).
[[0;32m  OK  [0m] Reached target Remote File Systems.
         Starting LSB: daemon to balance interrupts for SMP systems...
         Starting Permit User Sessions...
         Starting LSB: Set the CPU Frequency Scaling governor to "ondemand"...
         Starting LSB: automatic crash report generation...
[    8.720957] cloud-init[962]: | o . +o+..       |
[    8.729676] cloud-init[962]: |  + +oB=+ .      |
[    8.731220] cloud-init[962]: |   = B*O+=       |
[    8.741380] cloud-init[962]: | .o ++OOOo.      |
[    8.742151] cloud-init[962]: +----[SHA256]-----+
[[0;32m  OK  [0m] Started Permit User Sessions.
[    8.770366] cloud-init[962]: Generating public/private ed25519 key pair.
[    8.776169] cloud-init[962]: Your identification has been saved in /etc/ssh/ssh_host_ed25519_key.
[    8.776963] cloud-init[962]: Your public key has been saved in /etc/ssh/ssh_host_ed25519_key.pub.
[    8.777932] cloud-init[962]: The key fingerprint is:
         Starting Hold until boot process finishes up...
[    8.821305] cloud-init[962]: SHA256:UDOWu+U0P41mzEne69lu6nMoJk/ahjCMuqlSXS4EwlI root@ubuntu-xenial
[    8.839930] cloud-init[962]: The key's randomart image is:
         Starting Terminate Plymouth Boot Screen...
[[0;32m  OK  [0m] Started LXD - container startup/shutdown.
[[0;32m  OK  [0m] Started Virtualbox guest utils.
[[0;32m  OK  [0m] Started LSB: Set the CPU Frequency Scaling governor to "ondemand".
[[0;32m  OK  [0m] Started Hold until boot process finishes up.
[[0;32m  OK  [0m] Started Terminate Plymouth Boot Screen.
[    8.858066] cloud-init[962]: +--[ED25519 256]--+
[    8.883587] cloud-init[962]: |..E     =.       |
[    8.884253] cloud-init[962]: |o..    o.o       |
         Starting Authenticate and Authorize Users to Run Privileged Tasks...
[[0;32m  OK  [0m] Started Getty on tty1.
         Starting Set console scheme...
[[0;32m  OK  [0m] Started Serial Getty on ttyS0.
[[0;32m  OK  [0m] Reached target Login Prompts.
[    8.892798] cloud-init[962]: |.. .  .  .       |
[    8.918286] [cloud-init[0;32m  OK  [0m[962]: ] |    . ... + .    |Started LSB: daemon to balance interrupts for SMP systems.

[    8.919275] cloud-init[[962]: [0;32m  OK  [0m|   o o oS= B =   |] 
Started LSB: automatic crash report generation.
[[0;32m  OK  [0m] Started Set console scheme.
[    8.922514] cloud-init[962]: |  . o o = . @ o  |
[    8.925414] cloud-init[962]: | .   o   o +.. o |
[    8.926304] cloud-init[962]: |.   ..    o++ +oo|
[    8.927042] cloud-init[962]: | ...o.    .=o+=*o|
[    8.932528] cloud-init[962]: +----[SHA256]-----+
[[0;32m  OK  [0m] Started Authenticate and Authorize Users to Run Privileged Tasks.
[[0;32m  OK  [0m] Started Accounts Service.
[[0;32m  OK  [0m] Started Snappy daemon.
         Starting Wait until snapd is fully seeded...
[[0;32m  OK  [0m] Started Pollinate to seed the pseudo random number generator.
         Starting OpenBSD Secure Shell server...
[[0;32m  OK  [0m] Started OpenBSD Secure Shell server.
[[0;32m  OK  [0m] Started Wait until snapd is fully seeded.
         Starting Apply the settings specified in cloud-config...
[[0;32m  OK  [0m] Reached target Multi-User System.
[[0;32m  OK  [0m] Reached target Graphical Interface.
         Starting Update UTMP about System Runlevel Changes...
[[0;32m  OK  [0m] Started Update UTMP about System Runlevel Changes.
[   10.646276] cloud-init[1319]: Generating locales (this might take a while)...
[   11.791851] cloud-init[1319]:   en_US.UTF-8... done
[   11.793007] cloud-init[1319]: Generation complete.
[[0;32m  OK  [0m] Created slice User Slice of vagrant.
         Starting User Manager for UID 1000...
[[0;32m  OK  [0m] Started Session 1 of user vagrant.
[[0;32m  OK  [0m] Started User Manager for UID 1000.
[   12.140050] cloud-init[1319]: Cloud-init v. 19.4-33-gbb4131a2-0ubuntu1~16.04.1 running 'modules:config' at Wed, 06 May 2020 10:31:30 +0000. Up 10.50 seconds.
[[0;32m  OK  [0m] Started Apply the settings specified in cloud-config.
         Starting Execute cloud user/final scripts...
ci-info: no authorized SSH keys fingerprints found for user ubuntu.
<14>May  6 10:31:32 ec2: 
<14>May  6 10:31:32 ec2: #############################################################
<14>May  6 10:31:32 ec2: -----BEGIN SSH HOST KEY FINGERPRINTS-----
<14>May  6 10:31:32 ec2: 1024 SHA256:mQDAygv6RudnR58L8fLBXOv3Fg1qF/Lp22ycIrjLMbo root@ubuntu-xenial (DSA)
<14>May  6 10:31:32 ec2: 256 SHA256:8IsDL0LL6700P71Y5+BG6D7tie8LS2WJ7viTBEkeJYQ root@ubuntu-xenial (ECDSA)
<14>May  6 10:31:32 ec2: 256 SHA256:UDOWu+U0P41mzEne69lu6nMoJk/ahjCMuqlSXS4EwlI root@ubuntu-xenial (ED25519)
<14>May  6 10:31:32 ec2: 2048 SHA256:IZ25JlwbAGbgdEKcW6dayrMIeWrkaJrIV3hs5FBecWw root@ubuntu-xenial (RSA)
<14>May  6 10:31:32 ec2: -----END SSH HOST KEY FINGERPRINTS-----
<14>May  6 10:31:32 ec2: #############################################################
-----BEGIN SSH HOST KEY KEYS-----
ecdsa-sha2-nistp256 AAAAE2VjZHNhLXNoYTItbmlzdHAyNTYAAAAIbmlzdHAyNTYAAABBBDsrLYCXFLkDM2XGR0WzAu55lZhBtCgFPnubtnWvwA+3MohIkm/xTmdtSWg4XRHS6J+FjuXhRMU4I8U5QGFcHc0= root@ubuntu-xenial
ssh-ed25519 AAAAC3NzaC1lZDI1NTE5AAAAIH8llcHd8NuMQArNoS9+OcFscI+cwonnFejsbyXUfUb1 root@ubuntu-xenial
ssh-rsa AAAAB3NzaC1yc2EAAAADAQABAAABAQCvs1VUii7nD6jCnYBj+m2lMBXjv8Wb4BFP9Rd8ynLNmBzFEBUxoAIomvIj+PtdlTo35U0AFfdQLn3sfVxxrZEQIt06AhBg2rQv8ReFoEcVm32fwzZw2basKzsFUnzU8PVr1JAJznHwyjnFYFkTw7crKrdmrji2sr1lXTFZBJhw62Cxww1DbepZ+kGgavqgX759VzOsuoId7D6s1ktvlmEZ+n2SuVVvBd92jWNG14dkTHNnUClAx9oHmMNpDMCUQyx50p0gYFIgkgFlqJn+jgO2xKRDel3DyOnlcH7zBUBNAdgGB72rlElVn4u8iesreEWgZBgFRdKrEyJtxvs3x92R root@ubuntu-xenial
-----END SSH HOST KEY KEYS-----
[   12.857289] cloud-init[1420]: Cloud-init v. 19.4-33-gbb4131a2-0ubuntu1~16.04.1 running 'modules:final' at Wed, 06 May 2020 10:31:32 +0000. Up 12.63 seconds.
[   12.864349] cloud-init[1420]: ci-info: no authorized SSH keys fingerprints found for user ubuntu.
[   12.865405] cloud-init[1420]: Cloud-init v. 19.4-33-gbb4131a2-0ubuntu1~16.04.1 finished at Wed, 06 May 2020 10:31:32 +0000. Datasource DataSourceNoCloud [seed=/dev/sdb][dsmode=net].  Up 12.84 seconds
[[0;32m  OK  [0m] Started Execute cloud user/final scripts.
[[0;32m  OK  [0m] Reached target Cloud-init target.

Ubuntu 16.04.6 LTS ubuntu-xenial ttyS0

ubuntu-xenial login: 